[1:1-1:3] C_STRING:
[2:1-2:11] C_STRING:besedilo
[3:1-3:28] C_STRING:besedilo z 'narekovaji'
[4:1-4:99] C_STRING: !"#$%&\()*+,-./0123456789:;<=>?@ABCDEFGHIJKLMNOPQRSTUVWXYZ[\\]^_`abcdefghijklmnopqrstuvwxyz{|}~
EOF:$