[1:1-1:4] C_LOGICAL:true
[3:3-3:4] OP_LEQ:<=
[3:5] OP_AND:&
[5:6-5:10] C_LOGICAL:false
EOF:$